MM build_output.txt
